// Vitest Snapshot v1, https://vitest.dev/guide/snapshot.html

exports[`saves > the saved shape is pinned to the save version: when this fails, bump SAVE_VERSION and update the snapshot 1`] = `
{
  "shape": [
    "activePlayer",
    "cities[]",
    "cities[].enchantments[]",
    "cities[].enchantments[].effect.amount",
    "cities[].enchantments[].effect.def",
    "cities[].enchantments[].spell",
    "cities[].enchantments[].until",
    "cities[].garrison[]",
    "cities[].garrison[].defId",
    "cities[].garrison[].hp",
    "cities[].garrison[].level",
    "cities[].garrison[].marks[]",
    "cities[].garrison[].tile.col",
    "cities[].garrison[].tile.row",
    "cities[].garrison[].xp",
    "cities[].hex.q",
    "cities[].hex.r",
    "cities[].id",
    "cities[].kind",
    "cities[].owner",
    "cities[].tier",
    "engagement.attackerId",
    "engagement.battle.actionsThisRound{}",
    "engagement.battle.current.bonusAttacks[]",
    "engagement.battle.current.freeUsed[]",
    "engagement.battle.current.hysteriaTriggers",
    "engagement.battle.current.mainTaken",
    "engagement.battle.current.penaltyMultiplier",
    "engagement.battle.current.unitId",
    "engagement.battle.outcome",
    "engagement.battle.pass",
    "engagement.battle.queue[]",
    "engagement.battle.round",
    "engagement.battle.units{}",
    "engagement.battle.units{}.abilities[]",
    "engagement.battle.units{}.abilities[].id",
    "engagement.battle.units{}.alive",
    "engagement.battle.units{}.base.armor",
    "engagement.battle.units{}.base.damage",
    "engagement.battle.units{}.base.initiative",
    "engagement.battle.units{}.base.maxHp",
    "engagement.battle.units{}.base.shield",
    "engagement.battle.units{}.chargesUsed{}",
    "engagement.battle.units{}.damageType",
    "engagement.battle.units{}.defId",
    "engagement.battle.units{}.effects[]",
    "engagement.battle.units{}.effects[].ability.id",
    "engagement.battle.units{}.effects[].amount",
    "engagement.battle.units{}.effects[].def",
    "engagement.battle.units{}.effects[].source",
    "engagement.battle.units{}.effects[].stacks",
    "engagement.battle.units{}.fled",
    "engagement.battle.units{}.hp",
    "engagement.battle.units{}.id",
    "engagement.battle.units{}.leader",
    "engagement.battle.units{}.name",
    "engagement.battle.units{}.shield",
    "engagement.battle.units{}.side",
    "engagement.battle.units{}.spellCharges",
    "engagement.battle.units{}.tile.col",
    "engagement.battle.units{}.tile.row",
    "engagement.battle.waitedThisPass[]",
    "engagement.defender.kind",
    "engagement.defender.lairId",
    "engagement.players[]",
    "lairs[]",
    "lairs[].guards[]",
    "lairs[].guards[].defId",
    "lairs[].guards[].hp",
    "lairs[].guards[].level",
    "lairs[].guards[].marks[]",
    "lairs[].guards[].tile.col",
    "lairs[].guards[].tile.row",
    "lairs[].guards[].xp",
    "lairs[].hex.q",
    "lairs[].hex.r",
    "lairs[].id",
    "lairs[].kind",
    "lairs[].looted",
    "lairs[].regrowsOn",
    "lairs[].reward.gold",
    "lairs[].reward.item",
    "lairs[].reward.joins",
    "leaders[]",
    "leaders[].bag[]",
    "leaders[].enchantments[]",
    "leaders[].enchantments[].effect.amount",
    "leaders[].enchantments[].effect.def",
    "leaders[].enchantments[].spell",
    "leaders[].enchantments[].until",
    "leaders[].experience",
    "leaders[].fellOnTurn",
    "leaders[].hex.q",
    "leaders[].hex.r",
    "leaders[].id",
    "leaders[].leaderTile.col",
    "leaders[].leaderTile.row",
    "leaders[].movement",
    "leaders[].player",
    "leaders[].skills{}",
    "leaders[].squad[]",
    "leaders[].squad[].defId",
    "leaders[].squad[].hp",
    "leaders[].squad[].level",
    "leaders[].squad[].marks[]",
    "leaders[].squad[].tile.col",
    "leaders[].squad[].tile.row",
    "leaders[].squad[].xp",
    "leaders[].worn[]",
    "map.lairs[]",
    "map.lairs[].hex.q",
    "map.lairs[].hex.r",
    "map.lairs[].id",
    "map.lairs[].kind",
    "map.radius",
    "map.sites[]",
    "map.sites[].hex.q",
    "map.sites[].hex.r",
    "map.sites[].id",
    "map.sites[].kind",
    "map.sites[].nodes[]",
    "map.sites[].nodes[].hex.q",
    "map.sites[].nodes[].hex.r",
    "map.sites[].nodes[].kind",
    "map.sites[].start",
    "map.starts[]",
    "map.starts[].q",
    "map.starts[].r",
    "map.structures[]",
    "map.structures[].hex.q",
    "map.structures[].hex.r",
    "map.structures[].id",
    "map.structures[].kind",
    "map.tiles.-1,-1.hex.q",
    "map.tiles.-1,-1.hex.r",
    "map.tiles.-1,-1.terrain",
    "map.tiles.-1,-2.hex.q",
    "map.tiles.-1,-2.hex.r",
    "map.tiles.-1,-2.terrain",
    "map.tiles.-1,-3.hex.q",
    "map.tiles.-1,-3.hex.r",
    "map.tiles.-1,-3.terrain",
    "map.tiles.-1,-4.hex.q",
    "map.tiles.-1,-4.hex.r",
    "map.tiles.-1,-4.terrain",
    "map.tiles.-1,0.hex.q",
    "map.tiles.-1,0.hex.r",
    "map.tiles.-1,0.terrain",
    "map.tiles.-1,1.hex.q",
    "map.tiles.-1,1.hex.r",
    "map.tiles.-1,1.terrain",
    "map.tiles.-1,2.hex.q",
    "map.tiles.-1,2.hex.r",
    "map.tiles.-1,2.terrain",
    "map.tiles.-1,3.hex.q",
    "map.tiles.-1,3.hex.r",
    "map.tiles.-1,3.terrain",
    "map.tiles.-1,4.hex.q",
    "map.tiles.-1,4.hex.r",
    "map.tiles.-1,4.terrain",
    "map.tiles.-1,5.hex.q",
    "map.tiles.-1,5.hex.r",
    "map.tiles.-1,5.terrain",
    "map.tiles.-2,-1.hex.q",
    "map.tiles.-2,-1.hex.r",
    "map.tiles.-2,-1.terrain",
    "map.tiles.-2,-2.hex.q",
    "map.tiles.-2,-2.hex.r",
    "map.tiles.-2,-2.terrain",
    "map.tiles.-2,-3.hex.q",
    "map.tiles.-2,-3.hex.r",
    "map.tiles.-2,-3.terrain",
    "map.tiles.-2,0.hex.q",
    "map.tiles.-2,0.hex.r",
    "map.tiles.-2,0.terrain",
    "map.tiles.-2,1.hex.q",
    "map.tiles.-2,1.hex.r",
    "map.tiles.-2,1.terrain",
    "map.tiles.-2,2.hex.q",
    "map.tiles.-2,2.hex.r",
    "map.tiles.-2,2.terrain",
    "map.tiles.-2,3.hex.q",
    "map.tiles.-2,3.hex.r",
    "map.tiles.-2,3.terrain",
    "map.tiles.-2,4.hex.q",
    "map.tiles.-2,4.hex.r",
    "map.tiles.-2,4.terrain",
    "map.tiles.-2,5.hex.q",
    "map.tiles.-2,5.hex.r",
    "map.tiles.-2,5.terrain",
    "map.tiles.-3,-1.hex.q",
    "map.tiles.-3,-1.hex.r",
    "map.tiles.-3,-1.terrain",
    "map.tiles.-3,-2.hex.q",
    "map.tiles.-3,-2.hex.r",
    "map.tiles.-3,-2.terrain",
    "map.tiles.-3,0.hex.q",
    "map.tiles.-3,0.hex.r",
    "map.tiles.-3,0.terrain",
    "map.tiles.-3,1.hex.q",
    "map.tiles.-3,1.hex.r",
    "map.tiles.-3,1.terrain",
    "map.tiles.-3,2.hex.q",
    "map.tiles.-3,2.hex.r",
    "map.tiles.-3,2.terrain",
    "map.tiles.-3,3.hex.q",
    "map.tiles.-3,3.hex.r",
    "map.tiles.-3,3.terrain",
    "map.tiles.-3,4.hex.q",
    "map.tiles.-3,4.hex.r",
    "map.tiles.-3,4.terrain",
    "map.tiles.-3,5.hex.q",
    "map.tiles.-3,5.hex.r",
    "map.tiles.-3,5.terrain",
    "map.tiles.-4,-1.hex.q",
    "map.tiles.-4,-1.hex.r",
    "map.tiles.-4,-1.terrain",
    "map.tiles.-4,0.hex.q",
    "map.tiles.-4,0.hex.r",
    "map.tiles.-4,0.terrain",
    "map.tiles.-4,1.hex.q",
    "map.tiles.-4,1.hex.r",
    "map.tiles.-4,1.terrain",
    "map.tiles.-4,2.hex.q",
    "map.tiles.-4,2.hex.r",
    "map.tiles.-4,2.terrain",
    "map.tiles.-4,3.hex.q",
    "map.tiles.-4,3.hex.r",
    "map.tiles.-4,3.terrain",
    "map.tiles.-4,4.hex.q",
    "map.tiles.-4,4.hex.r",
    "map.tiles.-4,4.terrain",
    "map.tiles.-4,5.hex.q",
    "map.tiles.-4,5.hex.r",
    "map.tiles.-4,5.terrain",
    "map.tiles.-5,0.hex.q",
    "map.tiles.-5,0.hex.r",
    "map.tiles.-5,0.terrain",
    "map.tiles.-5,1.hex.q",
    "map.tiles.-5,1.hex.r",
    "map.tiles.-5,1.terrain",
    "map.tiles.-5,2.hex.q",
    "map.tiles.-5,2.hex.r",
    "map.tiles.-5,2.terrain",
    "map.tiles.-5,3.hex.q",
    "map.tiles.-5,3.hex.r",
    "map.tiles.-5,3.terrain",
    "map.tiles.-5,4.hex.q",
    "map.tiles.-5,4.hex.r",
    "map.tiles.-5,4.terrain",
    "map.tiles.-5,5.hex.q",
    "map.tiles.-5,5.hex.r",
    "map.tiles.-5,5.terrain",
    "map.tiles.0,-1.hex.q",
    "map.tiles.0,-1.hex.r",
    "map.tiles.0,-1.terrain",
    "map.tiles.0,-2.hex.q",
    "map.tiles.0,-2.hex.r",
    "map.tiles.0,-2.terrain",
    "map.tiles.0,-3.hex.q",
    "map.tiles.0,-3.hex.r",
    "map.tiles.0,-3.terrain",
    "map.tiles.0,-4.hex.q",
    "map.tiles.0,-4.hex.r",
    "map.tiles.0,-4.terrain",
    "map.tiles.0,-5.hex.q",
    "map.tiles.0,-5.hex.r",
    "map.tiles.0,-5.terrain",
    "map.tiles.0,0.hex.q",
    "map.tiles.0,0.hex.r",
    "map.tiles.0,0.terrain",
    "map.tiles.0,1.hex.q",
    "map.tiles.0,1.hex.r",
    "map.tiles.0,1.terrain",
    "map.tiles.0,2.hex.q",
    "map.tiles.0,2.hex.r",
    "map.tiles.0,2.terrain",
    "map.tiles.0,3.hex.q",
    "map.tiles.0,3.hex.r",
    "map.tiles.0,3.terrain",
    "map.tiles.0,4.hex.q",
    "map.tiles.0,4.hex.r",
    "map.tiles.0,4.terrain",
    "map.tiles.0,5.hex.q",
    "map.tiles.0,5.hex.r",
    "map.tiles.0,5.terrain",
    "map.tiles.1,-1.hex.q",
    "map.tiles.1,-1.hex.r",
    "map.tiles.1,-1.terrain",
    "map.tiles.1,-2.hex.q",
    "map.tiles.1,-2.hex.r",
    "map.tiles.1,-2.terrain",
    "map.tiles.1,-3.hex.q",
    "map.tiles.1,-3.hex.r",
    "map.tiles.1,-3.terrain",
    "map.tiles.1,-4.hex.q",
    "map.tiles.1,-4.hex.r",
    "map.tiles.1,-4.terrain",
    "map.tiles.1,-5.hex.q",
    "map.tiles.1,-5.hex.r",
    "map.tiles.1,-5.terrain",
    "map.tiles.1,0.hex.q",
    "map.tiles.1,0.hex.r",
    "map.tiles.1,0.terrain",
    "map.tiles.1,1.hex.q",
    "map.tiles.1,1.hex.r",
    "map.tiles.1,1.terrain",
    "map.tiles.1,2.hex.q",
    "map.tiles.1,2.hex.r",
    "map.tiles.1,2.terrain",
    "map.tiles.1,3.hex.q",
    "map.tiles.1,3.hex.r",
    "map.tiles.1,3.terrain",
    "map.tiles.1,4.hex.q",
    "map.tiles.1,4.hex.r",
    "map.tiles.1,4.terrain",
    "map.tiles.2,-1.hex.q",
    "map.tiles.2,-1.hex.r",
    "map.tiles.2,-1.terrain",
    "map.tiles.2,-2.hex.q",
    "map.tiles.2,-2.hex.r",
    "map.tiles.2,-2.terrain",
    "map.tiles.2,-3.hex.q",
    "map.tiles.2,-3.hex.r",
    "map.tiles.2,-3.terrain",
    "map.tiles.2,-4.hex.q",
    "map.tiles.2,-4.hex.r",
    "map.tiles.2,-4.terrain",
    "map.tiles.2,-5.hex.q",
    "map.tiles.2,-5.hex.r",
    "map.tiles.2,-5.terrain",
    "map.tiles.2,0.hex.q",
    "map.tiles.2,0.hex.r",
    "map.tiles.2,0.terrain",
    "map.tiles.2,1.hex.q",
    "map.tiles.2,1.hex.r",
    "map.tiles.2,1.terrain",
    "map.tiles.2,2.hex.q",
    "map.tiles.2,2.hex.r",
    "map.tiles.2,2.terrain",
    "map.tiles.2,3.hex.q",
    "map.tiles.2,3.hex.r",
    "map.tiles.2,3.terrain",
    "map.tiles.3,-1.hex.q",
    "map.tiles.3,-1.hex.r",
    "map.tiles.3,-1.terrain",
    "map.tiles.3,-2.hex.q",
    "map.tiles.3,-2.hex.r",
    "map.tiles.3,-2.terrain",
    "map.tiles.3,-3.hex.q",
    "map.tiles.3,-3.hex.r",
    "map.tiles.3,-3.terrain",
    "map.tiles.3,-4.hex.q",
    "map.tiles.3,-4.hex.r",
    "map.tiles.3,-4.terrain",
    "map.tiles.3,-5.hex.q",
    "map.tiles.3,-5.hex.r",
    "map.tiles.3,-5.terrain",
    "map.tiles.3,0.hex.q",
    "map.tiles.3,0.hex.r",
    "map.tiles.3,0.terrain",
    "map.tiles.3,1.hex.q",
    "map.tiles.3,1.hex.r",
    "map.tiles.3,1.terrain",
    "map.tiles.3,2.hex.q",
    "map.tiles.3,2.hex.r",
    "map.tiles.3,2.terrain",
    "map.tiles.4,-1.hex.q",
    "map.tiles.4,-1.hex.r",
    "map.tiles.4,-1.terrain",
    "map.tiles.4,-2.hex.q",
    "map.tiles.4,-2.hex.r",
    "map.tiles.4,-2.terrain",
    "map.tiles.4,-3.hex.q",
    "map.tiles.4,-3.hex.r",
    "map.tiles.4,-3.terrain",
    "map.tiles.4,-4.hex.q",
    "map.tiles.4,-4.hex.r",
    "map.tiles.4,-4.terrain",
    "map.tiles.4,-5.hex.q",
    "map.tiles.4,-5.hex.r",
    "map.tiles.4,-5.terrain",
    "map.tiles.4,0.hex.q",
    "map.tiles.4,0.hex.r",
    "map.tiles.4,0.terrain",
    "map.tiles.4,1.hex.q",
    "map.tiles.4,1.hex.r",
    "map.tiles.4,1.terrain",
    "map.tiles.5,-1.hex.q",
    "map.tiles.5,-1.hex.r",
    "map.tiles.5,-1.terrain",
    "map.tiles.5,-2.hex.q",
    "map.tiles.5,-2.hex.r",
    "map.tiles.5,-2.terrain",
    "map.tiles.5,-3.hex.q",
    "map.tiles.5,-3.hex.r",
    "map.tiles.5,-3.terrain",
    "map.tiles.5,-4.hex.q",
    "map.tiles.5,-4.hex.r",
    "map.tiles.5,-4.terrain",
    "map.tiles.5,-5.hex.q",
    "map.tiles.5,-5.hex.r",
    "map.tiles.5,-5.terrain",
    "map.tiles.5,0.hex.q",
    "map.tiles.5,0.hex.r",
    "map.tiles.5,0.terrain",
    "nextLeader",
    "nodes[]",
    "nodes[].cityId",
    "nodes[].hex.q",
    "nodes[].hex.r",
    "nodes[].id",
    "nodes[].kind",
    "nodes[].level",
    "outcome",
    "players[]",
    "players[].cast[]",
    "players[].color",
    "players[].commitment{}",
    "players[].eliminated",
    "players[].explored[]",
    "players[].faction",
    "players[].gold",
    "players[].graveyard[]",
    "players[].graveyard[].defId",
    "players[].graveyard[].fellOnTurn",
    "players[].graveyard[].level",
    "players[].graveyard[].marks[]",
    "players[].graveyard[].marks[].effect.amount",
    "players[].graveyard[].marks[].effect.def",
    "players[].graveyard[].marks[].source.item",
    "players[].graveyard[].marks[].source.kind",
    "players[].mana.red",
    "players[].mana.teal",
    "players[].memory.cities[]",
    "players[].memory.cities[].enchantments[]",
    "players[].memory.cities[].enchantments[].effect.amount",
    "players[].memory.cities[].enchantments[].effect.def",
    "players[].memory.cities[].enchantments[].spell",
    "players[].memory.cities[].enchantments[].until",
    "players[].memory.cities[].garrison[]",
    "players[].memory.cities[].garrison[].defId",
    "players[].memory.cities[].garrison[].hp",
    "players[].memory.cities[].garrison[].level",
    "players[].memory.cities[].garrison[].marks[]",
    "players[].memory.cities[].garrison[].tile.col",
    "players[].memory.cities[].garrison[].tile.row",
    "players[].memory.cities[].garrison[].xp",
    "players[].memory.cities[].hex.q",
    "players[].memory.cities[].hex.r",
    "players[].memory.cities[].id",
    "players[].memory.cities[].kind",
    "players[].memory.cities[].owner",
    "players[].memory.cities[].tier",
    "players[].memory.lairs[]",
    "players[].memory.lairs[].guards[]",
    "players[].memory.lairs[].guards[].defId",
    "players[].memory.lairs[].guards[].hp",
    "players[].memory.lairs[].guards[].level",
    "players[].memory.lairs[].guards[].marks[]",
    "players[].memory.lairs[].guards[].tile.col",
    "players[].memory.lairs[].guards[].tile.row",
    "players[].memory.lairs[].guards[].xp",
    "players[].memory.lairs[].hex.q",
    "players[].memory.lairs[].hex.r",
    "players[].memory.lairs[].id",
    "players[].memory.lairs[].kind",
    "players[].memory.lairs[].looted",
    "players[].memory.lairs[].regrowsOn",
    "players[].memory.lairs[].reward.gold",
    "players[].memory.lairs[].reward.item",
    "players[].memory.lairs[].reward.joins",
    "players[].memory.nodes[]",
    "players[].memory.nodes[].cityId",
    "players[].memory.nodes[].hex.q",
    "players[].memory.nodes[].hex.r",
    "players[].memory.nodes[].id",
    "players[].memory.nodes[].kind",
    "players[].memory.nodes[].level",
    "players[].memory.structures[]",
    "players[].memory.structures[].hex.q",
    "players[].memory.structures[].hex.r",
    "players[].memory.structures[].id",
    "players[].memory.structures[].kind",
    "players[].memory.structures[].stock[]",
    "players[].memory.structures[].stock[].defId",
    "players[].memory.structures[].stock[].level",
    "players[].research[]",
    "players[].spells[]",
    "players[].upgrades[]",
    "structures[]",
    "structures[].hex.q",
    "structures[].hex.r",
    "structures[].id",
    "structures[].kind",
    "structures[].stock[]",
    "structures[].stock[].defId",
    "structures[].stock[].level",
    "turn",
  ],
  "version": 18,
}
`;
