// Vitest Snapshot v1, https://vitest.dev/guide/snapshot.html

exports[`saves > the saved shape is pinned to the save version: when this fails, bump SAVE_VERSION and update the snapshot 1`] = `
{
  "shape": [
    "activeSide",
    "cities[].garrison[].defId",
    "cities[].garrison[].hp",
    "cities[].garrison[].level",
    "cities[].garrison[].marks[]",
    "cities[].garrison[].tile.col",
    "cities[].garrison[].tile.row",
    "cities[].garrison[].xp",
    "cities[].hex.q",
    "cities[].hex.r",
    "cities[].id",
    "cities[].kind",
    "cities[].owner",
    "cities[].tier",
    "colors[]",
    "commitment[].congregant",
    "commitment[].zealot",
    "engagement",
    "factions[]",
    "gold[]",
    "graveyard[][]",
    "lairs[].guards[].defId",
    "lairs[].guards[].hp",
    "lairs[].guards[].level",
    "lairs[].guards[].marks[]",
    "lairs[].guards[].tile.col",
    "lairs[].guards[].tile.row",
    "lairs[].guards[].xp",
    "lairs[].hex.q",
    "lairs[].hex.r",
    "lairs[].id",
    "lairs[].kind",
    "lairs[].looted",
    "lairs[].regrowsOn",
    "lairs[].reward",
    "leaders[].experience",
    "leaders[].fellOnTurn",
    "leaders[].hex.q",
    "leaders[].hex.r",
    "leaders[].id",
    "leaders[].leaderTile.col",
    "leaders[].leaderTile.row",
    "leaders[].movement",
    "leaders[].side",
    "leaders[].squad[].defId",
    "leaders[].squad[].hp",
    "leaders[].squad[].level",
    "leaders[].squad[].marks[]",
    "leaders[].squad[].tile.col",
    "leaders[].squad[].tile.row",
    "leaders[].squad[].xp",
    "map.lairs[].hex.q",
    "map.lairs[].hex.r",
    "map.lairs[].id",
    "map.lairs[].kind",
    "map.radius",
    "map.sites[].hex.q",
    "map.sites[].hex.r",
    "map.sites[].id",
    "map.sites[].kind",
    "map.sites[].nodes[].hex.q",
    "map.sites[].nodes[].hex.r",
    "map.sites[].nodes[].kind",
    "map.starts[].q",
    "map.starts[].r",
    "map.tiles.-1,-1.hex.q",
    "map.tiles.-1,-1.hex.r",
    "map.tiles.-1,-1.terrain",
    "map.tiles.-1,-2.hex.q",
    "map.tiles.-1,-2.hex.r",
    "map.tiles.-1,-2.terrain",
    "map.tiles.-1,-3.hex.q",
    "map.tiles.-1,-3.hex.r",
    "map.tiles.-1,-3.terrain",
    "map.tiles.-1,0.hex.q",
    "map.tiles.-1,0.hex.r",
    "map.tiles.-1,0.terrain",
    "map.tiles.-1,1.hex.q",
    "map.tiles.-1,1.hex.r",
    "map.tiles.-1,1.terrain",
    "map.tiles.-1,2.hex.q",
    "map.tiles.-1,2.hex.r",
    "map.tiles.-1,2.terrain",
    "map.tiles.-1,3.hex.q",
    "map.tiles.-1,3.hex.r",
    "map.tiles.-1,3.terrain",
    "map.tiles.-1,4.hex.q",
    "map.tiles.-1,4.hex.r",
    "map.tiles.-1,4.terrain",
    "map.tiles.-2,-1.hex.q",
    "map.tiles.-2,-1.hex.r",
    "map.tiles.-2,-1.terrain",
    "map.tiles.-2,-2.hex.q",
    "map.tiles.-2,-2.hex.r",
    "map.tiles.-2,-2.terrain",
    "map.tiles.-2,0.hex.q",
    "map.tiles.-2,0.hex.r",
    "map.tiles.-2,0.terrain",
    "map.tiles.-2,1.hex.q",
    "map.tiles.-2,1.hex.r",
    "map.tiles.-2,1.terrain",
    "map.tiles.-2,2.hex.q",
    "map.tiles.-2,2.hex.r",
    "map.tiles.-2,2.terrain",
    "map.tiles.-2,3.hex.q",
    "map.tiles.-2,3.hex.r",
    "map.tiles.-2,3.terrain",
    "map.tiles.-2,4.hex.q",
    "map.tiles.-2,4.hex.r",
    "map.tiles.-2,4.terrain",
    "map.tiles.-3,-1.hex.q",
    "map.tiles.-3,-1.hex.r",
    "map.tiles.-3,-1.terrain",
    "map.tiles.-3,0.hex.q",
    "map.tiles.-3,0.hex.r",
    "map.tiles.-3,0.terrain",
    "map.tiles.-3,1.hex.q",
    "map.tiles.-3,1.hex.r",
    "map.tiles.-3,1.terrain",
    "map.tiles.-3,2.hex.q",
    "map.tiles.-3,2.hex.r",
    "map.tiles.-3,2.terrain",
    "map.tiles.-3,3.hex.q",
    "map.tiles.-3,3.hex.r",
    "map.tiles.-3,3.terrain",
    "map.tiles.-3,4.hex.q",
    "map.tiles.-3,4.hex.r",
    "map.tiles.-3,4.terrain",
    "map.tiles.-4,0.hex.q",
    "map.tiles.-4,0.hex.r",
    "map.tiles.-4,0.terrain",
    "map.tiles.-4,1.hex.q",
    "map.tiles.-4,1.hex.r",
    "map.tiles.-4,1.terrain",
    "map.tiles.-4,2.hex.q",
    "map.tiles.-4,2.hex.r",
    "map.tiles.-4,2.terrain",
    "map.tiles.-4,3.hex.q",
    "map.tiles.-4,3.hex.r",
    "map.tiles.-4,3.terrain",
    "map.tiles.-4,4.hex.q",
    "map.tiles.-4,4.hex.r",
    "map.tiles.-4,4.terrain",
    "map.tiles.0,-1.hex.q",
    "map.tiles.0,-1.hex.r",
    "map.tiles.0,-1.terrain",
    "map.tiles.0,-2.hex.q",
    "map.tiles.0,-2.hex.r",
    "map.tiles.0,-2.terrain",
    "map.tiles.0,-3.hex.q",
    "map.tiles.0,-3.hex.r",
    "map.tiles.0,-3.terrain",
    "map.tiles.0,-4.hex.q",
    "map.tiles.0,-4.hex.r",
    "map.tiles.0,-4.terrain",
    "map.tiles.0,0.hex.q",
    "map.tiles.0,0.hex.r",
    "map.tiles.0,0.terrain",
    "map.tiles.0,1.hex.q",
    "map.tiles.0,1.hex.r",
    "map.tiles.0,1.terrain",
    "map.tiles.0,2.hex.q",
    "map.tiles.0,2.hex.r",
    "map.tiles.0,2.terrain",
    "map.tiles.0,3.hex.q",
    "map.tiles.0,3.hex.r",
    "map.tiles.0,3.terrain",
    "map.tiles.0,4.hex.q",
    "map.tiles.0,4.hex.r",
    "map.tiles.0,4.terrain",
    "map.tiles.1,-1.hex.q",
    "map.tiles.1,-1.hex.r",
    "map.tiles.1,-1.terrain",
    "map.tiles.1,-2.hex.q",
    "map.tiles.1,-2.hex.r",
    "map.tiles.1,-2.terrain",
    "map.tiles.1,-3.hex.q",
    "map.tiles.1,-3.hex.r",
    "map.tiles.1,-3.terrain",
    "map.tiles.1,-4.hex.q",
    "map.tiles.1,-4.hex.r",
    "map.tiles.1,-4.terrain",
    "map.tiles.1,0.hex.q",
    "map.tiles.1,0.hex.r",
    "map.tiles.1,0.terrain",
    "map.tiles.1,1.hex.q",
    "map.tiles.1,1.hex.r",
    "map.tiles.1,1.terrain",
    "map.tiles.1,2.hex.q",
    "map.tiles.1,2.hex.r",
    "map.tiles.1,2.terrain",
    "map.tiles.1,3.hex.q",
    "map.tiles.1,3.hex.r",
    "map.tiles.1,3.terrain",
    "map.tiles.2,-1.hex.q",
    "map.tiles.2,-1.hex.r",
    "map.tiles.2,-1.terrain",
    "map.tiles.2,-2.hex.q",
    "map.tiles.2,-2.hex.r",
    "map.tiles.2,-2.terrain",
    "map.tiles.2,-3.hex.q",
    "map.tiles.2,-3.hex.r",
    "map.tiles.2,-3.terrain",
    "map.tiles.2,-4.hex.q",
    "map.tiles.2,-4.hex.r",
    "map.tiles.2,-4.terrain",
    "map.tiles.2,0.hex.q",
    "map.tiles.2,0.hex.r",
    "map.tiles.2,0.terrain",
    "map.tiles.2,1.hex.q",
    "map.tiles.2,1.hex.r",
    "map.tiles.2,1.terrain",
    "map.tiles.2,2.hex.q",
    "map.tiles.2,2.hex.r",
    "map.tiles.2,2.terrain",
    "map.tiles.3,-1.hex.q",
    "map.tiles.3,-1.hex.r",
    "map.tiles.3,-1.terrain",
    "map.tiles.3,-2.hex.q",
    "map.tiles.3,-2.hex.r",
    "map.tiles.3,-2.terrain",
    "map.tiles.3,-3.hex.q",
    "map.tiles.3,-3.hex.r",
    "map.tiles.3,-3.terrain",
    "map.tiles.3,-4.hex.q",
    "map.tiles.3,-4.hex.r",
    "map.tiles.3,-4.terrain",
    "map.tiles.3,0.hex.q",
    "map.tiles.3,0.hex.r",
    "map.tiles.3,0.terrain",
    "map.tiles.3,1.hex.q",
    "map.tiles.3,1.hex.r",
    "map.tiles.3,1.terrain",
    "map.tiles.4,-1.hex.q",
    "map.tiles.4,-1.hex.r",
    "map.tiles.4,-1.terrain",
    "map.tiles.4,-2.hex.q",
    "map.tiles.4,-2.hex.r",
    "map.tiles.4,-2.terrain",
    "map.tiles.4,-3.hex.q",
    "map.tiles.4,-3.hex.r",
    "map.tiles.4,-3.terrain",
    "map.tiles.4,-4.hex.q",
    "map.tiles.4,-4.hex.r",
    "map.tiles.4,-4.terrain",
    "map.tiles.4,0.hex.q",
    "map.tiles.4,0.hex.r",
    "map.tiles.4,0.terrain",
    "nextLeader",
    "nodes[].hex.q",
    "nodes[].hex.r",
    "nodes[].id",
    "nodes[].kind",
    "nodes[].level",
    "outcome",
    "research[][]",
    "turn",
    "upgrades[][]",
  ],
  "version": 7,
}
`;
