// Vitest Snapshot v1, https://vitest.dev/guide/snapshot.html

exports[`saves > the saved shape is pinned to the save version: when this fails, bump SAVE_VERSION and update the snapshot 1`] = `
{
  "shape": [
    "activePlayer",
    "cities[].enchantments[]",
    "cities[].garrison[].defId",
    "cities[].garrison[].hp",
    "cities[].garrison[].level",
    "cities[].garrison[].marks[]",
    "cities[].garrison[].tile.col",
    "cities[].garrison[].tile.row",
    "cities[].garrison[].xp",
    "cities[].hex.q",
    "cities[].hex.r",
    "cities[].id",
    "cities[].kind",
    "cities[].owner",
    "cities[].tier",
    "engagement.attackerId",
    "engagement.battle.actionsThisRound.0.0.0",
    "engagement.battle.actionsThisRound.0.0.1",
    "engagement.battle.actionsThisRound.0.0.2",
    "engagement.battle.actionsThisRound.0.2.0",
    "engagement.battle.actionsThisRound.0.2.1",
    "engagement.battle.actionsThisRound.1.0.0",
    "engagement.battle.actionsThisRound.1.0.1",
    "engagement.battle.actionsThisRound.1.0.2",
    "engagement.battle.actionsThisRound.1.1.0",
    "engagement.battle.actionsThisRound.1.1.1",
    "engagement.battle.current.bonusAttacks[]",
    "engagement.battle.current.freeUsed[]",
    "engagement.battle.current.hysteriaTriggers",
    "engagement.battle.current.mainTaken",
    "engagement.battle.current.penaltyMultiplier",
    "engagement.battle.current.unitId",
    "engagement.battle.outcome",
    "engagement.battle.pass",
    "engagement.battle.queue[]",
    "engagement.battle.round",
    "engagement.battle.units.0.0.0.abilities[].chargesUsed",
    "engagement.battle.units.0.0.0.abilities[].ref.id",
    "engagement.battle.units.0.0.0.alive",
    "engagement.battle.units.0.0.0.base.armor",
    "engagement.battle.units.0.0.0.base.damage",
    "engagement.battle.units.0.0.0.base.initiative",
    "engagement.battle.units.0.0.0.base.maxHp",
    "engagement.battle.units.0.0.0.base.shield",
    "engagement.battle.units.0.0.0.damageType",
    "engagement.battle.units.0.0.0.defId",
    "engagement.battle.units.0.0.0.effects[]",
    "engagement.battle.units.0.0.0.hp",
    "engagement.battle.units.0.0.0.id",
    "engagement.battle.units.0.0.0.leader",
    "engagement.battle.units.0.0.0.name",
    "engagement.battle.units.0.0.0.shield",
    "engagement.battle.units.0.0.0.side",
    "engagement.battle.units.0.0.0.spellCharges",
    "engagement.battle.units.0.0.0.tile.col",
    "engagement.battle.units.0.0.0.tile.row",
    "engagement.battle.units.0.0.1.abilities[].chargesUsed",
    "engagement.battle.units.0.0.1.abilities[].ref.id",
    "engagement.battle.units.0.0.1.alive",
    "engagement.battle.units.0.0.1.base.armor",
    "engagement.battle.units.0.0.1.base.damage",
    "engagement.battle.units.0.0.1.base.initiative",
    "engagement.battle.units.0.0.1.base.maxHp",
    "engagement.battle.units.0.0.1.base.shield",
    "engagement.battle.units.0.0.1.damageType",
    "engagement.battle.units.0.0.1.defId",
    "engagement.battle.units.0.0.1.effects[]",
    "engagement.battle.units.0.0.1.hp",
    "engagement.battle.units.0.0.1.id",
    "engagement.battle.units.0.0.1.leader",
    "engagement.battle.units.0.0.1.name",
    "engagement.battle.units.0.0.1.shield",
    "engagement.battle.units.0.0.1.side",
    "engagement.battle.units.0.0.1.spellCharges",
    "engagement.battle.units.0.0.1.tile.col",
    "engagement.battle.units.0.0.1.tile.row",
    "engagement.battle.units.0.0.2.abilities[].chargesUsed",
    "engagement.battle.units.0.0.2.abilities[].ref.id",
    "engagement.battle.units.0.0.2.alive",
    "engagement.battle.units.0.0.2.base.armor",
    "engagement.battle.units.0.0.2.base.damage",
    "engagement.battle.units.0.0.2.base.initiative",
    "engagement.battle.units.0.0.2.base.maxHp",
    "engagement.battle.units.0.0.2.base.shield",
    "engagement.battle.units.0.0.2.damageType",
    "engagement.battle.units.0.0.2.defId",
    "engagement.battle.units.0.0.2.effects[]",
    "engagement.battle.units.0.0.2.hp",
    "engagement.battle.units.0.0.2.id",
    "engagement.battle.units.0.0.2.leader",
    "engagement.battle.units.0.0.2.name",
    "engagement.battle.units.0.0.2.shield",
    "engagement.battle.units.0.0.2.side",
    "engagement.battle.units.0.0.2.spellCharges",
    "engagement.battle.units.0.0.2.tile.col",
    "engagement.battle.units.0.0.2.tile.row",
    "engagement.battle.units.0.2.0.abilities[].chargesUsed",
    "engagement.battle.units.0.2.0.abilities[].ref.id",
    "engagement.battle.units.0.2.0.alive",
    "engagement.battle.units.0.2.0.base.armor",
    "engagement.battle.units.0.2.0.base.damage",
    "engagement.battle.units.0.2.0.base.initiative",
    "engagement.battle.units.0.2.0.base.maxHp",
    "engagement.battle.units.0.2.0.base.shield",
    "engagement.battle.units.0.2.0.damageType",
    "engagement.battle.units.0.2.0.defId",
    "engagement.battle.units.0.2.0.effects[]",
    "engagement.battle.units.0.2.0.hp",
    "engagement.battle.units.0.2.0.id",
    "engagement.battle.units.0.2.0.leader",
    "engagement.battle.units.0.2.0.name",
    "engagement.battle.units.0.2.0.shield",
    "engagement.battle.units.0.2.0.side",
    "engagement.battle.units.0.2.0.spellCharges",
    "engagement.battle.units.0.2.0.tile.col",
    "engagement.battle.units.0.2.0.tile.row",
    "engagement.battle.units.0.2.1.abilities[].chargesUsed",
    "engagement.battle.units.0.2.1.abilities[].ref.id",
    "engagement.battle.units.0.2.1.alive",
    "engagement.battle.units.0.2.1.base.armor",
    "engagement.battle.units.0.2.1.base.damage",
    "engagement.battle.units.0.2.1.base.initiative",
    "engagement.battle.units.0.2.1.base.maxHp",
    "engagement.battle.units.0.2.1.base.shield",
    "engagement.battle.units.0.2.1.damageType",
    "engagement.battle.units.0.2.1.defId",
    "engagement.battle.units.0.2.1.effects[]",
    "engagement.battle.units.0.2.1.hp",
    "engagement.battle.units.0.2.1.id",
    "engagement.battle.units.0.2.1.leader",
    "engagement.battle.units.0.2.1.name",
    "engagement.battle.units.0.2.1.shield",
    "engagement.battle.units.0.2.1.side",
    "engagement.battle.units.0.2.1.spellCharges",
    "engagement.battle.units.0.2.1.tile.col",
    "engagement.battle.units.0.2.1.tile.row",
    "engagement.battle.units.1.0.0.abilities[].chargesUsed",
    "engagement.battle.units.1.0.0.abilities[].ref.id",
    "engagement.battle.units.1.0.0.alive",
    "engagement.battle.units.1.0.0.base.armor",
    "engagement.battle.units.1.0.0.base.damage",
    "engagement.battle.units.1.0.0.base.initiative",
    "engagement.battle.units.1.0.0.base.maxHp",
    "engagement.battle.units.1.0.0.base.shield",
    "engagement.battle.units.1.0.0.damageType",
    "engagement.battle.units.1.0.0.defId",
    "engagement.battle.units.1.0.0.effects[].amount",
    "engagement.battle.units.1.0.0.effects[].def",
    "engagement.battle.units.1.0.0.effects[].source",
    "engagement.battle.units.1.0.0.effects[].stacks",
    "engagement.battle.units.1.0.0.hp",
    "engagement.battle.units.1.0.0.id",
    "engagement.battle.units.1.0.0.leader",
    "engagement.battle.units.1.0.0.name",
    "engagement.battle.units.1.0.0.shield",
    "engagement.battle.units.1.0.0.side",
    "engagement.battle.units.1.0.0.spellCharges",
    "engagement.battle.units.1.0.0.tile.col",
    "engagement.battle.units.1.0.0.tile.row",
    "engagement.battle.units.1.0.1.abilities[].chargesUsed",
    "engagement.battle.units.1.0.1.abilities[].ref.id",
    "engagement.battle.units.1.0.1.alive",
    "engagement.battle.units.1.0.1.base.armor",
    "engagement.battle.units.1.0.1.base.damage",
    "engagement.battle.units.1.0.1.base.initiative",
    "engagement.battle.units.1.0.1.base.maxHp",
    "engagement.battle.units.1.0.1.base.shield",
    "engagement.battle.units.1.0.1.damageType",
    "engagement.battle.units.1.0.1.defId",
    "engagement.battle.units.1.0.1.effects[].amount",
    "engagement.battle.units.1.0.1.effects[].def",
    "engagement.battle.units.1.0.1.effects[].source",
    "engagement.battle.units.1.0.1.effects[].stacks",
    "engagement.battle.units.1.0.1.hp",
    "engagement.battle.units.1.0.1.id",
    "engagement.battle.units.1.0.1.leader",
    "engagement.battle.units.1.0.1.name",
    "engagement.battle.units.1.0.1.shield",
    "engagement.battle.units.1.0.1.side",
    "engagement.battle.units.1.0.1.spellCharges",
    "engagement.battle.units.1.0.1.tile.col",
    "engagement.battle.units.1.0.1.tile.row",
    "engagement.battle.units.1.0.2.abilities[].chargesUsed",
    "engagement.battle.units.1.0.2.abilities[].ref.id",
    "engagement.battle.units.1.0.2.alive",
    "engagement.battle.units.1.0.2.base.armor",
    "engagement.battle.units.1.0.2.base.damage",
    "engagement.battle.units.1.0.2.base.initiative",
    "engagement.battle.units.1.0.2.base.maxHp",
    "engagement.battle.units.1.0.2.base.shield",
    "engagement.battle.units.1.0.2.damageType",
    "engagement.battle.units.1.0.2.defId",
    "engagement.battle.units.1.0.2.effects[].amount",
    "engagement.battle.units.1.0.2.effects[].def",
    "engagement.battle.units.1.0.2.effects[].source",
    "engagement.battle.units.1.0.2.effects[].stacks",
    "engagement.battle.units.1.0.2.hp",
    "engagement.battle.units.1.0.2.id",
    "engagement.battle.units.1.0.2.leader",
    "engagement.battle.units.1.0.2.name",
    "engagement.battle.units.1.0.2.shield",
    "engagement.battle.units.1.0.2.side",
    "engagement.battle.units.1.0.2.spellCharges",
    "engagement.battle.units.1.0.2.tile.col",
    "engagement.battle.units.1.0.2.tile.row",
    "engagement.battle.units.1.1.0.abilities[].chargesUsed",
    "engagement.battle.units.1.1.0.abilities[].ref.id",
    "engagement.battle.units.1.1.0.alive",
    "engagement.battle.units.1.1.0.base.armor",
    "engagement.battle.units.1.1.0.base.damage",
    "engagement.battle.units.1.1.0.base.initiative",
    "engagement.battle.units.1.1.0.base.maxHp",
    "engagement.battle.units.1.1.0.base.shield",
    "engagement.battle.units.1.1.0.damageType",
    "engagement.battle.units.1.1.0.defId",
    "engagement.battle.units.1.1.0.effects[].amount",
    "engagement.battle.units.1.1.0.effects[].def",
    "engagement.battle.units.1.1.0.effects[].source",
    "engagement.battle.units.1.1.0.effects[].stacks",
    "engagement.battle.units.1.1.0.hp",
    "engagement.battle.units.1.1.0.id",
    "engagement.battle.units.1.1.0.leader",
    "engagement.battle.units.1.1.0.name",
    "engagement.battle.units.1.1.0.shield",
    "engagement.battle.units.1.1.0.side",
    "engagement.battle.units.1.1.0.spellCharges",
    "engagement.battle.units.1.1.0.tile.col",
    "engagement.battle.units.1.1.0.tile.row",
    "engagement.battle.units.1.1.1.abilities[].chargesUsed",
    "engagement.battle.units.1.1.1.abilities[].ref.id",
    "engagement.battle.units.1.1.1.alive",
    "engagement.battle.units.1.1.1.base.armor",
    "engagement.battle.units.1.1.1.base.damage",
    "engagement.battle.units.1.1.1.base.initiative",
    "engagement.battle.units.1.1.1.base.maxHp",
    "engagement.battle.units.1.1.1.base.shield",
    "engagement.battle.units.1.1.1.damageType",
    "engagement.battle.units.1.1.1.defId",
    "engagement.battle.units.1.1.1.effects[].amount",
    "engagement.battle.units.1.1.1.effects[].def",
    "engagement.battle.units.1.1.1.effects[].source",
    "engagement.battle.units.1.1.1.effects[].stacks",
    "engagement.battle.units.1.1.1.hp",
    "engagement.battle.units.1.1.1.id",
    "engagement.battle.units.1.1.1.leader",
    "engagement.battle.units.1.1.1.name",
    "engagement.battle.units.1.1.1.shield",
    "engagement.battle.units.1.1.1.side",
    "engagement.battle.units.1.1.1.spellCharges",
    "engagement.battle.units.1.1.1.tile.col",
    "engagement.battle.units.1.1.1.tile.row",
    "engagement.battle.waitedThisPass[]",
    "engagement.defender.kind",
    "engagement.defender.lairId",
    "engagement.players[]",
    "lairs[].guards[].defId",
    "lairs[].guards[].hp",
    "lairs[].guards[].level",
    "lairs[].guards[].marks[]",
    "lairs[].guards[].tile.col",
    "lairs[].guards[].tile.row",
    "lairs[].guards[].xp",
    "lairs[].hex.q",
    "lairs[].hex.r",
    "lairs[].id",
    "lairs[].kind",
    "lairs[].looted",
    "lairs[].regrowsOn",
    "lairs[].reward",
    "leaders[].enchantments[]",
    "leaders[].experience",
    "leaders[].fellOnTurn",
    "leaders[].hex.q",
    "leaders[].hex.r",
    "leaders[].id",
    "leaders[].leaderTile.col",
    "leaders[].leaderTile.row",
    "leaders[].movement",
    "leaders[].player",
    "leaders[].squad[].defId",
    "leaders[].squad[].hp",
    "leaders[].squad[].level",
    "leaders[].squad[].marks[]",
    "leaders[].squad[].tile.col",
    "leaders[].squad[].tile.row",
    "leaders[].squad[].xp",
    "map.lairs[].hex.q",
    "map.lairs[].hex.r",
    "map.lairs[].id",
    "map.lairs[].kind",
    "map.radius",
    "map.sites[].hex.q",
    "map.sites[].hex.r",
    "map.sites[].id",
    "map.sites[].kind",
    "map.sites[].nodes[].hex.q",
    "map.sites[].nodes[].hex.r",
    "map.sites[].nodes[].kind",
    "map.starts[].q",
    "map.starts[].r",
    "map.tiles.-1,-1.hex.q",
    "map.tiles.-1,-1.hex.r",
    "map.tiles.-1,-1.terrain",
    "map.tiles.-1,-2.hex.q",
    "map.tiles.-1,-2.hex.r",
    "map.tiles.-1,-2.terrain",
    "map.tiles.-1,-3.hex.q",
    "map.tiles.-1,-3.hex.r",
    "map.tiles.-1,-3.terrain",
    "map.tiles.-1,-4.hex.q",
    "map.tiles.-1,-4.hex.r",
    "map.tiles.-1,-4.terrain",
    "map.tiles.-1,0.hex.q",
    "map.tiles.-1,0.hex.r",
    "map.tiles.-1,0.terrain",
    "map.tiles.-1,1.hex.q",
    "map.tiles.-1,1.hex.r",
    "map.tiles.-1,1.terrain",
    "map.tiles.-1,2.hex.q",
    "map.tiles.-1,2.hex.r",
    "map.tiles.-1,2.terrain",
    "map.tiles.-1,3.hex.q",
    "map.tiles.-1,3.hex.r",
    "map.tiles.-1,3.terrain",
    "map.tiles.-1,4.hex.q",
    "map.tiles.-1,4.hex.r",
    "map.tiles.-1,4.terrain",
    "map.tiles.-1,5.hex.q",
    "map.tiles.-1,5.hex.r",
    "map.tiles.-1,5.terrain",
    "map.tiles.-2,-1.hex.q",
    "map.tiles.-2,-1.hex.r",
    "map.tiles.-2,-1.terrain",
    "map.tiles.-2,-2.hex.q",
    "map.tiles.-2,-2.hex.r",
    "map.tiles.-2,-2.terrain",
    "map.tiles.-2,-3.hex.q",
    "map.tiles.-2,-3.hex.r",
    "map.tiles.-2,-3.terrain",
    "map.tiles.-2,0.hex.q",
    "map.tiles.-2,0.hex.r",
    "map.tiles.-2,0.terrain",
    "map.tiles.-2,1.hex.q",
    "map.tiles.-2,1.hex.r",
    "map.tiles.-2,1.terrain",
    "map.tiles.-2,2.hex.q",
    "map.tiles.-2,2.hex.r",
    "map.tiles.-2,2.terrain",
    "map.tiles.-2,3.hex.q",
    "map.tiles.-2,3.hex.r",
    "map.tiles.-2,3.terrain",
    "map.tiles.-2,4.hex.q",
    "map.tiles.-2,4.hex.r",
    "map.tiles.-2,4.terrain",
    "map.tiles.-2,5.hex.q",
    "map.tiles.-2,5.hex.r",
    "map.tiles.-2,5.terrain",
    "map.tiles.-3,-1.hex.q",
    "map.tiles.-3,-1.hex.r",
    "map.tiles.-3,-1.terrain",
    "map.tiles.-3,-2.hex.q",
    "map.tiles.-3,-2.hex.r",
    "map.tiles.-3,-2.terrain",
    "map.tiles.-3,0.hex.q",
    "map.tiles.-3,0.hex.r",
    "map.tiles.-3,0.terrain",
    "map.tiles.-3,1.hex.q",
    "map.tiles.-3,1.hex.r",
    "map.tiles.-3,1.terrain",
    "map.tiles.-3,2.hex.q",
    "map.tiles.-3,2.hex.r",
    "map.tiles.-3,2.terrain",
    "map.tiles.-3,3.hex.q",
    "map.tiles.-3,3.hex.r",
    "map.tiles.-3,3.terrain",
    "map.tiles.-3,4.hex.q",
    "map.tiles.-3,4.hex.r",
    "map.tiles.-3,4.terrain",
    "map.tiles.-3,5.hex.q",
    "map.tiles.-3,5.hex.r",
    "map.tiles.-3,5.terrain",
    "map.tiles.-4,-1.hex.q",
    "map.tiles.-4,-1.hex.r",
    "map.tiles.-4,-1.terrain",
    "map.tiles.-4,0.hex.q",
    "map.tiles.-4,0.hex.r",
    "map.tiles.-4,0.terrain",
    "map.tiles.-4,1.hex.q",
    "map.tiles.-4,1.hex.r",
    "map.tiles.-4,1.terrain",
    "map.tiles.-4,2.hex.q",
    "map.tiles.-4,2.hex.r",
    "map.tiles.-4,2.terrain",
    "map.tiles.-4,3.hex.q",
    "map.tiles.-4,3.hex.r",
    "map.tiles.-4,3.terrain",
    "map.tiles.-4,4.hex.q",
    "map.tiles.-4,4.hex.r",
    "map.tiles.-4,4.terrain",
    "map.tiles.-4,5.hex.q",
    "map.tiles.-4,5.hex.r",
    "map.tiles.-4,5.terrain",
    "map.tiles.-5,0.hex.q",
    "map.tiles.-5,0.hex.r",
    "map.tiles.-5,0.terrain",
    "map.tiles.-5,1.hex.q",
    "map.tiles.-5,1.hex.r",
    "map.tiles.-5,1.terrain",
    "map.tiles.-5,2.hex.q",
    "map.tiles.-5,2.hex.r",
    "map.tiles.-5,2.terrain",
    "map.tiles.-5,3.hex.q",
    "map.tiles.-5,3.hex.r",
    "map.tiles.-5,3.terrain",
    "map.tiles.-5,4.hex.q",
    "map.tiles.-5,4.hex.r",
    "map.tiles.-5,4.terrain",
    "map.tiles.-5,5.hex.q",
    "map.tiles.-5,5.hex.r",
    "map.tiles.-5,5.terrain",
    "map.tiles.0,-1.hex.q",
    "map.tiles.0,-1.hex.r",
    "map.tiles.0,-1.terrain",
    "map.tiles.0,-2.hex.q",
    "map.tiles.0,-2.hex.r",
    "map.tiles.0,-2.terrain",
    "map.tiles.0,-3.hex.q",
    "map.tiles.0,-3.hex.r",
    "map.tiles.0,-3.terrain",
    "map.tiles.0,-4.hex.q",
    "map.tiles.0,-4.hex.r",
    "map.tiles.0,-4.terrain",
    "map.tiles.0,-5.hex.q",
    "map.tiles.0,-5.hex.r",
    "map.tiles.0,-5.terrain",
    "map.tiles.0,0.hex.q",
    "map.tiles.0,0.hex.r",
    "map.tiles.0,0.terrain",
    "map.tiles.0,1.hex.q",
    "map.tiles.0,1.hex.r",
    "map.tiles.0,1.terrain",
    "map.tiles.0,2.hex.q",
    "map.tiles.0,2.hex.r",
    "map.tiles.0,2.terrain",
    "map.tiles.0,3.hex.q",
    "map.tiles.0,3.hex.r",
    "map.tiles.0,3.terrain",
    "map.tiles.0,4.hex.q",
    "map.tiles.0,4.hex.r",
    "map.tiles.0,4.terrain",
    "map.tiles.0,5.hex.q",
    "map.tiles.0,5.hex.r",
    "map.tiles.0,5.terrain",
    "map.tiles.1,-1.hex.q",
    "map.tiles.1,-1.hex.r",
    "map.tiles.1,-1.terrain",
    "map.tiles.1,-2.hex.q",
    "map.tiles.1,-2.hex.r",
    "map.tiles.1,-2.terrain",
    "map.tiles.1,-3.hex.q",
    "map.tiles.1,-3.hex.r",
    "map.tiles.1,-3.terrain",
    "map.tiles.1,-4.hex.q",
    "map.tiles.1,-4.hex.r",
    "map.tiles.1,-4.terrain",
    "map.tiles.1,-5.hex.q",
    "map.tiles.1,-5.hex.r",
    "map.tiles.1,-5.terrain",
    "map.tiles.1,0.hex.q",
    "map.tiles.1,0.hex.r",
    "map.tiles.1,0.terrain",
    "map.tiles.1,1.hex.q",
    "map.tiles.1,1.hex.r",
    "map.tiles.1,1.terrain",
    "map.tiles.1,2.hex.q",
    "map.tiles.1,2.hex.r",
    "map.tiles.1,2.terrain",
    "map.tiles.1,3.hex.q",
    "map.tiles.1,3.hex.r",
    "map.tiles.1,3.terrain",
    "map.tiles.1,4.hex.q",
    "map.tiles.1,4.hex.r",
    "map.tiles.1,4.terrain",
    "map.tiles.2,-1.hex.q",
    "map.tiles.2,-1.hex.r",
    "map.tiles.2,-1.terrain",
    "map.tiles.2,-2.hex.q",
    "map.tiles.2,-2.hex.r",
    "map.tiles.2,-2.terrain",
    "map.tiles.2,-3.hex.q",
    "map.tiles.2,-3.hex.r",
    "map.tiles.2,-3.terrain",
    "map.tiles.2,-4.hex.q",
    "map.tiles.2,-4.hex.r",
    "map.tiles.2,-4.terrain",
    "map.tiles.2,-5.hex.q",
    "map.tiles.2,-5.hex.r",
    "map.tiles.2,-5.terrain",
    "map.tiles.2,0.hex.q",
    "map.tiles.2,0.hex.r",
    "map.tiles.2,0.terrain",
    "map.tiles.2,1.hex.q",
    "map.tiles.2,1.hex.r",
    "map.tiles.2,1.terrain",
    "map.tiles.2,2.hex.q",
    "map.tiles.2,2.hex.r",
    "map.tiles.2,2.terrain",
    "map.tiles.2,3.hex.q",
    "map.tiles.2,3.hex.r",
    "map.tiles.2,3.terrain",
    "map.tiles.3,-1.hex.q",
    "map.tiles.3,-1.hex.r",
    "map.tiles.3,-1.terrain",
    "map.tiles.3,-2.hex.q",
    "map.tiles.3,-2.hex.r",
    "map.tiles.3,-2.terrain",
    "map.tiles.3,-3.hex.q",
    "map.tiles.3,-3.hex.r",
    "map.tiles.3,-3.terrain",
    "map.tiles.3,-4.hex.q",
    "map.tiles.3,-4.hex.r",
    "map.tiles.3,-4.terrain",
    "map.tiles.3,-5.hex.q",
    "map.tiles.3,-5.hex.r",
    "map.tiles.3,-5.terrain",
    "map.tiles.3,0.hex.q",
    "map.tiles.3,0.hex.r",
    "map.tiles.3,0.terrain",
    "map.tiles.3,1.hex.q",
    "map.tiles.3,1.hex.r",
    "map.tiles.3,1.terrain",
    "map.tiles.3,2.hex.q",
    "map.tiles.3,2.hex.r",
    "map.tiles.3,2.terrain",
    "map.tiles.4,-1.hex.q",
    "map.tiles.4,-1.hex.r",
    "map.tiles.4,-1.terrain",
    "map.tiles.4,-2.hex.q",
    "map.tiles.4,-2.hex.r",
    "map.tiles.4,-2.terrain",
    "map.tiles.4,-3.hex.q",
    "map.tiles.4,-3.hex.r",
    "map.tiles.4,-3.terrain",
    "map.tiles.4,-4.hex.q",
    "map.tiles.4,-4.hex.r",
    "map.tiles.4,-4.terrain",
    "map.tiles.4,-5.hex.q",
    "map.tiles.4,-5.hex.r",
    "map.tiles.4,-5.terrain",
    "map.tiles.4,0.hex.q",
    "map.tiles.4,0.hex.r",
    "map.tiles.4,0.terrain",
    "map.tiles.4,1.hex.q",
    "map.tiles.4,1.hex.r",
    "map.tiles.4,1.terrain",
    "map.tiles.5,-1.hex.q",
    "map.tiles.5,-1.hex.r",
    "map.tiles.5,-1.terrain",
    "map.tiles.5,-2.hex.q",
    "map.tiles.5,-2.hex.r",
    "map.tiles.5,-2.terrain",
    "map.tiles.5,-3.hex.q",
    "map.tiles.5,-3.hex.r",
    "map.tiles.5,-3.terrain",
    "map.tiles.5,-4.hex.q",
    "map.tiles.5,-4.hex.r",
    "map.tiles.5,-4.terrain",
    "map.tiles.5,-5.hex.q",
    "map.tiles.5,-5.hex.r",
    "map.tiles.5,-5.terrain",
    "map.tiles.5,0.hex.q",
    "map.tiles.5,0.hex.r",
    "map.tiles.5,0.terrain",
    "nextLeader",
    "nodes[].cityId",
    "nodes[].hex.q",
    "nodes[].hex.r",
    "nodes[].id",
    "nodes[].kind",
    "nodes[].level",
    "outcome",
    "players[].cast[]",
    "players[].color",
    "players[].commitment.congregant",
    "players[].commitment.zealot",
    "players[].eliminated",
    "players[].explored[]",
    "players[].faction",
    "players[].gold",
    "players[].graveyard[]",
    "players[].mana.red",
    "players[].mana.teal",
    "players[].memory.cities[].enchantments[]",
    "players[].memory.cities[].garrison[].defId",
    "players[].memory.cities[].garrison[].hp",
    "players[].memory.cities[].garrison[].level",
    "players[].memory.cities[].garrison[].marks[]",
    "players[].memory.cities[].garrison[].tile.col",
    "players[].memory.cities[].garrison[].tile.row",
    "players[].memory.cities[].garrison[].xp",
    "players[].memory.cities[].hex.q",
    "players[].memory.cities[].hex.r",
    "players[].memory.cities[].id",
    "players[].memory.cities[].kind",
    "players[].memory.cities[].owner",
    "players[].memory.cities[].tier",
    "players[].memory.lairs[].guards[].defId",
    "players[].memory.lairs[].guards[].hp",
    "players[].memory.lairs[].guards[].level",
    "players[].memory.lairs[].guards[].marks[]",
    "players[].memory.lairs[].guards[].tile.col",
    "players[].memory.lairs[].guards[].tile.row",
    "players[].memory.lairs[].guards[].xp",
    "players[].memory.lairs[].hex.q",
    "players[].memory.lairs[].hex.r",
    "players[].memory.lairs[].id",
    "players[].memory.lairs[].kind",
    "players[].memory.lairs[].looted",
    "players[].memory.lairs[].regrowsOn",
    "players[].memory.lairs[].reward.gold",
    "players[].memory.lairs[].reward.joins",
    "players[].memory.nodes[].cityId",
    "players[].memory.nodes[].hex.q",
    "players[].memory.nodes[].hex.r",
    "players[].memory.nodes[].id",
    "players[].memory.nodes[].kind",
    "players[].memory.nodes[].level",
    "players[].research[]",
    "players[].spells[]",
    "players[].upgrades[]",
    "turn",
  ],
  "version": 12,
}
`;
